// Jest Snapshot v1, https://goo.gl/fbAQLP

exports[`matches snapshot 1`] = `
<div
  className="MuiGrid-root MuiGrid-container MuiGrid-spacing-xs-undefined makeStyles-container-61 css-ibhn6n-MuiGrid-root"
  style={
    Object {
      "width": "70%",
    }
  }
>
  <div
    className="MuiGrid-root MuiGrid-item MuiGrid-grid-sm-12 MuiGrid-grid-md-6 css-sxdago-MuiGrid-root"
  >
    <div
      className="MuiGrid-root MuiGrid-container MuiGrid-spacing-xs-undefined css-1lym95h-MuiGrid-root"
    >
      <div
        className="MuiGrid-root MuiGrid-item MuiGrid-grid-sm-12 css-16nn1fs-MuiGrid-root"
      >
        <div
          className="MuiGrid-root MuiGrid-container MuiGrid-spacing-xs-undefined css-1lym95h-MuiGrid-root"
        >
          <div
            className="MuiGrid-root MuiGrid-item MuiGrid-grid-xs-12 makeStyles-avatarWrapper-67 css-1em9ut6-MuiGrid-root"
          >
            <div
              className="MuiAvatar-root MuiAvatar-circular makeStyles-avatar-70"
            >
              <img
                alt="Cindy Baker"
                className="MuiAvatar-img"
                src="https://avatars.githubusercontent.com/u/92724856?v=4"
              />
            </div>
          </div>
          <div
            className="MuiGrid-root MuiGrid-item MuiGrid-grid-xs-12 makeStyles-follow-64 css-1em9ut6-MuiGrid-root"
          >
            <p
              className="MuiTypography-root MuiTypography-body1 line-break css-1ix858w-MuiTypography-root"
            >
              umang39
            </p>
          </div>
          <div
            className="MuiGrid-root MuiGrid-item MuiGrid-grid-xs-12 makeStyles-follow-64 css-1em9ut6-MuiGrid-root"
          />
          <div
            className="MuiGrid-root MuiGrid-item MuiGrid-grid-xs-12 makeStyles-followBtn-62 css-36dx3p-MuiGrid-root"
          >
            <button
              className="MuiButtonBase-root MuiButton-root MuiButton-contained makeStyles-btn-71"
              disabled={false}
              id="umang39"
              onBlur={[Function]}
              onDragLeave={[Function]}
              onFocus={[Function]}
              onKeyDown={[Function]}
              onKeyUp={[Function]}
              onMouseDown={[Function]}
              onMouseLeave={[Function]}
              onMouseUp={[Function]}
              onTouchEnd={[Function]}
              onTouchMove={[Function]}
              onTouchStart={[Function]}
              tabIndex={0}
              type="button"
            >
              <span
                className="MuiButton-label"
              >
                Follow
              </span>
            </button>
          </div>
          <div
            className="MuiGrid-root MuiGrid-item MuiGrid-grid-xs-12 MuiGrid-grid-sm-6 makeStyles-followContainer-66 css-wdtwov-MuiGrid-root"
          >
            <div
              className="MuiGrid-root MuiGrid-container MuiGrid-spacing-xs-undefined makeStyles-followerContainer-65 css-11lq3yg-MuiGrid-root"
            >
              <div
                className="MuiGrid-root MuiGrid-item MuiGrid-grid-xs-12 css-1em9ut6-MuiGrid-root"
              >
                <h3
                  className="MuiTypography-root MuiTypography-h3 makeStyles-follow-64 css-gepadz-MuiTypography-root"
                >
                  3
                </h3>
              </div>
              <div
                className="MuiGrid-root MuiGrid-item css-13i4rnv-MuiGrid-root"
              >
                <h4
                  className="MuiTypography-root MuiTypography-h4 makeStyles-follower-63 css-5lbw0b-MuiTypography-root"
                  onClick={[Function]}
                >
                  Followers
                </h4>
              </div>
            </div>
          </div>
          <div
            className="MuiGrid-root MuiGrid-item MuiGrid-grid-xs-12 MuiGrid-grid-sm-6 makeStyles-followContainer-66 css-wdtwov-MuiGrid-root"
          >
            <div
              className="MuiGrid-root MuiGrid-container MuiGrid-spacing-xs-undefined css-11lq3yg-MuiGrid-root"
            >
              <div
                className="MuiGrid-root MuiGrid-item MuiGrid-grid-xs-12 makeStyles-follow-64 css-1em9ut6-MuiGrid-root"
              >
                <h3
                  className="MuiTypography-root MuiTypography-h3 css-gepadz-MuiTypography-root"
                >
                  0
                </h3>
              </div>
              <div
                className="MuiGrid-root MuiGrid-item MuiGrid-grid-xs-12 css-1em9ut6-MuiGrid-root"
              >
                <h4
                  className="MuiTypography-root MuiTypography-h4 makeStyles-follow-64 css-5lbw0b-MuiTypography-root"
                >
                  Following
                </h4>
              </div>
            </div>
          </div>
          <div
            className="MuiGrid-root MuiGrid-item MuiGrid-grid-md-12 css-15fi2ac-MuiGrid-root"
          >
            <div
              className="MuiGrid-root MuiGrid-container MuiGrid-spacing-xs-undefined css-1sthlmf-MuiGrid-root"
            >
              <div
                className="MuiGrid-root MuiGrid-item MuiGrid-grid-xs-6 MuiGrid-grid-md-3 css-1h9mey6-MuiGrid-root"
              >
                <p
                  className="MuiTypography-root MuiTypography-body1 css-ahj2mt-MuiTypography-root"
                >
                  <a
                    className="MuiTypography-root MuiTypography-inherit MuiLink-root MuiLink-underlineAlways css-1kgfegd-MuiTypography-root-MuiLink-root"
                    href="https://github.com/umang39"
                    onBlur={[Function]}
                    onFocus={[Function]}
                  >
                    <svg
                      aria-hidden={true}
                      className="MuiSvgIcon-root MuiSvgIcon-fontSizeMedium css-i4bv87-MuiSvgIcon-root"
                      data-testid="GitHubIcon"
                      focusable="false"
                      id="github"
                      style={
                        Object {
                          "fontSize": "3rem",
                        }
                      }
                      viewBox="0 0 24 24"
                    >
                      <path
                        d="M12 1.27a11 11 0 00-3.48 21.46c.55.09.73-.28.73-.55v-1.84c-3.03.64-3.67-1.46-3.67-1.46-.55-1.29-1.28-1.65-1.28-1.65-.92-.65.1-.65.1-.65 1.1 0 1.73 1.1 1.73 1.1.92 1.65 2.57 1.2 3.21.92a2 2 0 01.64-1.47c-2.47-.27-5.04-1.19-5.04-5.5 0-1.1.46-2.1 1.2-2.84a3.76 3.76 0 010-2.93s.91-.28 3.11 1.1c1.8-.49 3.7-.49 5.5 0 2.1-1.38 3.02-1.1 3.02-1.1a3.76 3.76 0 010 2.93c.83.74 1.2 1.74 1.2 2.94 0 4.21-2.57 5.13-5.04 5.4.45.37.82.92.82 2.02v3.03c0 .27.1.64.73.55A11 11 0 0012 1.27"
                      />
                    </svg>
                  </a>
                </p>
              </div>
              <div
                className="MuiGrid-root MuiGrid-item MuiGrid-grid-xs-6 MuiGrid-grid-md-3 css-1h9mey6-MuiGrid-root"
              >
                <p
                  className="MuiTypography-root MuiTypography-body1 css-ahj2mt-MuiTypography-root"
                />
              </div>
            </div>
          </div>
        </div>
      </div>
    </div>
  </div>
  <div
    className="MuiGrid-root MuiGrid-item MuiGrid-grid-xs-12 MuiGrid-grid-md-6 css-1tp3ba8-MuiGrid-root"
  >
    <div
      className="MuiGrid-root MuiGrid-container MuiGrid-spacing-xs-undefined css-11lq3yg-MuiGrid-root"
    >
      <div
        className="MuiGrid-root MuiGrid-item MuiGrid-grid-xs-12 css-1em9ut6-MuiGrid-root"
      >
        <p
          className="MuiTypography-root MuiTypography-body1 makeStyles-head-68 css-sopyuc-MuiTypography-root"
        >
          Bio
        </p>
      </div>
      <div
        className="MuiGrid-root MuiGrid-item MuiGrid-grid-xs-12 css-1em9ut6-MuiGrid-root"
      >
        <div
          className="MuiBox-root css-0"
        >
          <p
            className="MuiTypography-root MuiTypography-body1 line-break css-19t76t3-MuiTypography-root"
          >
            <h2
              className="MuiTypography-root MuiTypography-h2 makeStyles-text-72 css-cq2q8w-MuiTypography-root"
            >
              Oops ! You have no 
              bio
            </h2>
          </p>
        </div>
      </div>
    </div>
  </div>
</div>
`;
